
> finansheet---personal-finance-tracker@0.0.0 build
> vite build

vite v6.4.1 building for production...

/index.css doesn't exist at build time, it will remain unchanged to be resolved at runtime
transforming...
node_modules/@tanstack/react-query/build/modern/useQueries.js (1:0): Module level directives cause errors when bundled, "use client" in "node_modules/@tanstack/react-query/build/modern/useQueries.js" was ignored.
node_modules/@tanstack/react-query/build/modern/useQuery.js (1:0): Module level directives cause errors when bundled, "use client" in "node_modules/@tanstack/react-query/build/modern/useQuery.js" was ignored.
node_modules/@tanstack/react-query/build/modern/QueryClientProvider.js (1:0): Module level directives cause errors when bundled, "use client" in "node_modules/@tanstack/react-query/build/modern/QueryClientProvider.js" was ignored.
node_modules/@tanstack/react-query/build/modern/HydrationBoundary.js (1:0): Module level directives cause errors when bundled, "use client" in "node_modules/@tanstack/react-query/build/modern/HydrationBoundary.js" was ignored.
node_modules/@tanstack/react-query/build/modern/QueryErrorResetBoundary.js (1:0): Module level directives cause errors when bundled, "use client" in "node_modules/@tanstack/react-query/build/modern/QueryErrorResetBoundary.js" was ignored.
node_modules/@tanstack/react-query/build/modern/useIsFetching.js (1:0): Module level directives cause errors when bundled, "use client" in "node_modules/@tanstack/react-query/build/modern/useIsFetching.js" was ignored.
node_modules/@tanstack/react-query/build/modern/useMutationState.js (1:0): Module level directives cause errors when bundled, "use client" in "node_modules/@tanstack/react-query/build/modern/useMutationState.js" was ignored.
node_modules/@tanstack/react-query/build/modern/useMutation.js (1:0): Module level directives cause errors when bundled, "use client" in "node_modules/@tanstack/react-query/build/modern/useMutation.js" was ignored.
node_modules/@tanstack/react-query/build/modern/useInfiniteQuery.js (1:0): Module level directives cause errors when bundled, "use client" in "node_modules/@tanstack/react-query/build/modern/useInfiniteQuery.js" was ignored.
node_modules/@tanstack/react-query/build/modern/IsRestoringProvider.js (1:0): Module level directives cause errors when bundled, "use client" in "node_modules/@tanstack/react-query/build/modern/IsRestoringProvider.js" was ignored.
node_modules/@tanstack/react-query/build/modern/useSuspenseInfiniteQuery.js (1:0): Module level directives cause errors when bundled, "use client" in "node_modules/@tanstack/react-query/build/modern/useSuspenseInfiniteQuery.js" was ignored.
node_modules/@tanstack/react-query/build/modern/useSuspenseQueries.js (1:0): Module level directives cause errors when bundled, "use client" in "node_modules/@tanstack/react-query/build/modern/useSuspenseQueries.js" was ignored.
node_modules/@tanstack/react-query/build/modern/useSuspenseQuery.js (1:0): Module level directives cause errors when bundled, "use client" in "node_modules/@tanstack/react-query/build/modern/useSuspenseQuery.js" was ignored.
node_modules/@tanstack/react-query/build/modern/errorBoundaryUtils.js (1:0): Module level directives cause errors when bundled, "use client" in "node_modules/@tanstack/react-query/build/modern/errorBoundaryUtils.js" was ignored.
node_modules/@tanstack/react-query/build/modern/useBaseQuery.js (1:0): Module level directives cause errors when bundled, "use client" in "node_modules/@tanstack/react-query/build/modern/useBaseQuery.js" was ignored.
node_modules/@radix-ui/react-dialog/dist/index.mjs (1:0): Module level directives cause errors when bundled, "use client" in "node_modules/@radix-ui/react-dialog/dist/index.mjs" was ignored.
node_modules/@radix-ui/react-dismissable-layer/dist/index.mjs (1:0): Module level directives cause errors when bundled, "use client" in "node_modules/@radix-ui/react-dismissable-layer/dist/index.mjs" was ignored.
node_modules/@radix-ui/react-portal/dist/index.mjs (1:0): Module level directives cause errors when bundled, "use client" in "node_modules/@radix-ui/react-portal/dist/index.mjs" was ignored.
node_modules/@radix-ui/react-focus-scope/dist/index.mjs (1:0): Module level directives cause errors when bundled, "use client" in "node_modules/@radix-ui/react-focus-scope/dist/index.mjs" was ignored.
node_modules/@radix-ui/react-presence/dist/index.mjs (1:0): Module level directives cause errors when bundled, "use client" in "node_modules/@radix-ui/react-presence/dist/index.mjs" was ignored.
node_modules/@radix-ui/react-focus-guards/dist/index.mjs (1:0): Module level directives cause errors when bundled, "use client" in "node_modules/@radix-ui/react-focus-guards/dist/index.mjs" was ignored.
node_modules/@radix-ui/react-dropdown-menu/dist/index.mjs (1:0): Module level directives cause errors when bundled, "use client" in "node_modules/@radix-ui/react-dropdown-menu/dist/index.mjs" was ignored.
node_modules/@radix-ui/react-menu/dist/index.mjs (1:0): Module level directives cause errors when bundled, "use client" in "node_modules/@radix-ui/react-menu/dist/index.mjs" was ignored.
node_modules/@radix-ui/react-roving-focus/dist/index.mjs (1:0): Module level directives cause errors when bundled, "use client" in "node_modules/@radix-ui/react-roving-focus/dist/index.mjs" was ignored.
node_modules/@radix-ui/react-popper/dist/index.mjs (1:0): Module level directives cause errors when bundled, "use client" in "node_modules/@radix-ui/react-popper/dist/index.mjs" was ignored.
node_modules/@radix-ui/react-collection/dist/index.mjs (1:0): Module level directives cause errors when bundled, "use client" in "node_modules/@radix-ui/react-collection/dist/index.mjs" was ignored.
✓ 2517 modules transformed.
✗ Build failed in 11.08s
error during build:
Error: Unable to write the service worker file. 'EACCES: permission denied, open '/srv/repos/finansheet/dist/workbox-87abb7ed.js''
    at writeSWUsingDefaultTemplate (/srv/repos/finansheet/node_modules/workbox-build/build/lib/write-sw-using-default-template.js:68:15)
    at async generateSW (/srv/repos/finansheet/node_modules/workbox-build/build/generate-sw.js:95:23)
    at async generateServiceWorker (file:///srv/repos/finansheet/node_modules/vite-plugin-pwa/dist/index.js:208:23)
    at async _generateSW (file:///srv/repos/finansheet/node_modules/vite-plugin-pwa/dist/index.js:234:5)
    at async Object.handler (file:///srv/repos/finansheet/node_modules/vite-plugin-pwa/dist/index.js:427:13)
    at async PluginDriver.hookParallel (file:///srv/repos/finansheet/node_modules/rollup/dist/es/shared/node-entry.js:22475:17)
    at async Object.close (file:///srv/repos/finansheet/node_modules/rollup/dist/es/shared/node-entry.js:23494:13)
    at async buildEnvironment (file:///srv/repos/finansheet/node_modules/vite/dist/node/chunks/dep-D4NMHUTW.js:46258:17)
    at async Object.defaultBuildApp [as buildApp] (file:///srv/repos/finansheet/node_modules/vite/dist/node/chunks/dep-D4NMHUTW.js:46713:5)
    at async CAC.<anonymous> (file:///srv/repos/finansheet/node_modules/vite/dist/node/cli.js:863:7)
